[cryptooapp.netlify.app/temp/index.html]
[backblue.gif]
[fade.gif]
[index.html]
[cryptooapp.netlify.app/temp/css/font-awesome.min.css]
[cryptooapp.netlify.app/temp/css/animate.css]
[cryptooapp.netlify.app/temp/css/cryptocoins.css]
[cryptooapp.netlify.app/temp/plugins/c3-chart/c3.css]
[cryptooapp.netlify.app/temp/css/global.style.css]
[cryptooapp.netlify.app/temp/css/swiper.min.css]
[cryptooapp.netlify.app/temp/css/bootstrap.min.css]
[cryptooapp.netlify.app/temp/plugins/turbo-slider/turbo.css]
[cryptooapp.netlify.app/temp/img/content/icons/1.png]
[cryptooapp.netlify.app/temp/js/fbevents.js]
[cryptooapp.netlify.app/temp/wallet.html]
[cryptooapp.netlify.app/temp/img/content/icons/2.png]
[cryptooapp.netlify.app/temp/trading.html]
[cryptooapp.netlify.app/temp/img/content/icons/3.png]
[cryptooapp.netlify.app/temp/buy-sell.html]
[cryptooapp.netlify.app/temp/img/content/icons/6.png]
[cryptooapp.netlify.app/temp/profile.html]
[cryptooapp.netlify.app/temp/img/content/icons/5.png]
[cryptooapp.netlify.app/temp/affiliate.html]
[cryptooapp.netlify.app/temp/img/content/icons/4.png]
[cryptooapp.netlify.app/temp/setting.html]
[cryptooapp.netlify.app/temp/img/content/icons/11.png]
[cryptooapp.netlify.app/temp/img/content/icons/9.png]
[cryptooapp.netlify.app/temp/login.html]
[cryptooapp.netlify.app/temp/signup.html]
[cryptooapp.netlify.app/temp/forgot-password.html]
[cryptooapp.netlify.app/temp/img/content/icons/8.png]
[cryptooapp.netlify.app/temp/wizard-default.html]
[cryptooapp.netlify.app/temp/wizard-fullscreen.html]
[cryptooapp.netlify.app/temp/charts.html]
[cryptooapp.netlify.app/temp/img/content/icons/14.png]
[cryptooapp.netlify.app/temp/forms.html]
[cryptooapp.netlify.app/temp/img/content/icons/7.png]
[cryptooapp.netlify.app/temp/img/content/icons/10.png]
[cryptooapp.netlify.app/temp/tab-bottom.html]
[cryptooapp.netlify.app/temp/tab-top.html]
[cryptooapp.netlify.app/temp/accordion.html]
[cryptooapp.netlify.app/temp/popup.html]
[cryptooapp.netlify.app/temp/checkbox-list.html]
[cryptooapp.netlify.app/temp/link-list.html]
[cryptooapp.netlify.app/temp/link-list-two-column.html]
[cryptooapp.netlify.app/temp/img/content/icons/15.png]
[cryptooapp.netlify.app/temp/search-result.html]
[cryptooapp.netlify.app/temp/contact.html]
[cryptooapp.netlify.app/temp/blank.html]
[cryptooapp.netlify.app/temp/img/content/notification1.png]
[cryptooapp.netlify.app/temp/img/content/notification2.png]
[cryptooapp.netlify.app/temp/img/content/l1.png]
[cryptooapp.netlify.app/temp/img/content/l2.png]
[cryptooapp.netlify.app/temp/img/content/l3.png]
[cryptooapp.netlify.app/temp/img/content/l4.png]
[cryptooapp.netlify.app/temp/img/content/avatar/avatar.png]
[cryptooapp.netlify.app/temp/img/content/icon1.png]
[cryptooapp.netlify.app/temp/img/content/icon2.png]
[cryptooapp.netlify.app/temp/img/content/icon4.png]
[cryptooapp.netlify.app/temp/img/content/icon3.png]
[cryptooapp.netlify.app/temp/img/content/coin1.png]
[cryptooapp.netlify.app/temp/img/content/coin2.png]
[cryptooapp.netlify.app/temp/img/content/coin3.png]
[cryptooapp.netlify.app/temp/img/content/coin4.png]
[cryptooapp.netlify.app/temp/img/content/ex2.png]
[cryptooapp.netlify.app/temp/img/content/ex1.png]
[cryptooapp.netlify.app/temp/js/jquery-3.2.1.min.js]
[cryptooapp.netlify.app/temp/js/swiper.min.js]
[cryptooapp.netlify.app/temp/plugins/c3-chart/c3.min.js]
[cryptooapp.netlify.app/temp/plugins/c3-chart/d3.min.js]
[cryptooapp.netlify.app/temp/plugins/c3-chart/c3.custom.js]
[cryptooapp.netlify.app/temp/plugins/flot/jquery.flot.min.js]
[cryptooapp.netlify.app/temp/plugins/flot/jquery.flot.time.min.js]
[cryptooapp.netlify.app/temp/plugins/flot/jquery.flot.pie.min.js]
[cryptooapp.netlify.app/temp/plugins/flot/jquery.flot.tooltip.min.js]
[cryptooapp.netlify.app/temp/plugins/flot/jquery.flot.resize.min.js]
[cryptooapp.netlify.app/temp/plugins/jquery-sparkline/jquery.sparkline.js]
[cryptooapp.netlify.app/temp/js/jquery.jqcandlestick.min.js]
[cryptooapp.netlify.app/temp/js/candle-stick-ini.js]
[cryptooapp.netlify.app/temp/js/app-charts.js]
[cryptooapp.netlify.app/temp/js/global.script.js]
[cryptooapp.netlify.app/temp/index.html]
[cryptooapp.netlify.app/temp/fonts/fontawesome-webfont3e6e3e6e3e6e.eot]
[cryptooapp.netlify.app/temp/fonts/fontawesome-webfont3e6e3e6e3e6e.woff2]
[cryptooapp.netlify.app/temp/fonts/fontawesome-webfontd41dd41dd41d.eot]
[cryptooapp.netlify.app/temp/fonts/fontawesome-webfont3e6e3e6e3e6e.woff]
[cryptooapp.netlify.app/temp/fonts/fontawesome-webfont3e6e3e6e3e6e.ttf]
[cryptooapp.netlify.app/temp/css/font-awesome.min.css]
[cryptooapp.netlify.app/temp/css/animate.css]
[cryptooapp.netlify.app/temp/fonts/cryptocoins.woff2]
[cryptooapp.netlify.app/temp/fonts/fontawesome-webfont3e6e3e6e3e6e.svg]
[cryptooapp.netlify.app/temp/fonts/cryptocoins.woff]
[cryptooapp.netlify.app/temp/fonts/cryptocoins.ttf]
[cryptooapp.netlify.app/temp/css/cryptocoins.css]
[cryptooapp.netlify.app/temp/plugins/c3-chart/c3.css]
[cryptooapp.netlify.app/temp/img/avatar-bg.58.delayed]
[cryptooapp.netlify.app/temp/img/up-down.svg]
[cryptooapp.netlify.app/temp/img/content/card1.png]
[cryptooapp.netlify.app/temp/img/content/card2.png]
[cryptooapp.netlify.app/temp/img/content/card3.png]
[cryptooapp.netlify.app/temp/img/content/dash-bg.png]
[cryptooapp.netlify.app/temp/img/content/b1-bg.png]
[cryptooapp.netlify.app/temp/img/content/ref1.png]
[cryptooapp.netlify.app/temp/img/content/ref2.png]
[cryptooapp.netlify.app/temp/img/content/ref3.png]
[cryptooapp.netlify.app/temp/img/content/trans-bg1.png]
[cryptooapp.netlify.app/temp/img/content/trans-bg2.png]
[cryptooapp.netlify.app/temp/css/global.style.css]
[cryptooapp.netlify.app/temp/css/swiper.min.css]
[cryptooapp.netlify.app/temp/css/jqcandlestick.css]
[cryptooapp.netlify.app/temp/css/bootstrap.min.css]
[cryptooapp.netlify.app/temp/plugins/turbo-slider/turbo.css]
[cryptooapp.netlify.app/temp/img/content/qr.png]
[cryptooapp.netlify.app/temp/img/content/p1.png]
[cryptooapp.netlify.app/temp/img/content/p2.png]
[cryptooapp.netlify.app/temp/wallet.html]
[cryptooapp.netlify.app/temp/img/content/s1.png]
[cryptooapp.netlify.app/temp/img/content/s2.png]
[cryptooapp.netlify.app/temp/img/content/s3.png]
[cryptooapp.netlify.app/temp/trading.html]
[cryptooapp.netlify.app/temp/img/content/p3.png]
[cryptooapp.netlify.app/temp/img/content/avatar/avatar-1.png]
[cryptooapp.netlify.app/temp/img/content/avatar/avatar-2.png]
[cryptooapp.netlify.app/temp/img/content/avatar/avatar-3.png]
[cryptooapp.netlify.app/temp/img/content/avatar/avatar-4.png]
[cryptooapp.netlify.app/temp/img/content/avatar/avatar-5.png]
[cryptooapp.netlify.app/temp/img/content/1.png]
[cryptooapp.netlify.app/temp/img/content/3.png]
[cryptooapp.netlify.app/temp/img/content/2.png]
[cryptooapp.netlify.app/temp/img/content/exchange.png]
[cryptooapp.netlify.app/temp/img/content/crypto-buy.png]
[cryptooapp.netlify.app/temp/buy-sell.html]
[cryptooapp.netlify.app/temp/img/avatar.png]
[cryptooapp.netlify.app/temp/profile.html]
[cryptooapp.netlify.app/temp/img/content/ref-icon1.png]
[cryptooapp.netlify.app/temp/img/content/ref-icon2.png]
[cryptooapp.netlify.app/temp/img/content/ref-icon3.png]
[cryptooapp.netlify.app/temp/img/content/ref-icon4.png]
[cryptooapp.netlify.app/temp/img/content/avatar/user-1.png]
[cryptooapp.netlify.app/temp/img/content/avatar/user-2.png]
[cryptooapp.netlify.app/temp/img/content/avatar/user-3.png]
[cryptooapp.netlify.app/temp/img/content/avatar/user-4.png]
[cryptooapp.netlify.app/temp/affiliate.html]
[cryptooapp.netlify.app/temp/img/content/coin5.png]
[cryptooapp.netlify.app/temp/img/content/coin6.png]
[cryptooapp.netlify.app/temp/img/content/coin7.png]
[cryptooapp.netlify.app/temp/setting.html]
[cryptooapp.netlify.app/temp/login.html]
[cryptooapp.netlify.app/temp/signup.html]
[cryptooapp.netlify.app/temp/forgot-password.html]
[cryptooapp.netlify.app/temp/img/content/onboard1.png]
[cryptooapp.netlify.app/temp/img/content/onboard2.png]
[cryptooapp.netlify.app/temp/img/content/onboard3.png]
[cryptooapp.netlify.app/temp/wizard-default.html]
[cryptooapp.netlify.app/temp/wizard-fullscreen.html]
[cryptooapp.netlify.app/temp/charts.html]
[cryptooapp.netlify.app/temp/forms.html]
[cryptooapp.netlify.app/temp/tab-bottom.html]
[cryptooapp.netlify.app/temp/tab-top.html]
[cryptooapp.netlify.app/temp/accordion.html]
[cryptooapp.netlify.app/temp/popup.html]
[cryptooapp.netlify.app/temp/checkbox-list.html]
[cryptooapp.netlify.app/temp/link-list.html]
[cryptooapp.netlify.app/temp/link-list-two-column.html]
[cryptooapp.netlify.app/temp/plugins/turbo-slider/turbo.min.js]
[cryptooapp.netlify.app/temp/img/assets/news-list-image-1.jpg]
[cryptooapp.netlify.app/temp/img/assets/news-list-image-2.jpg]
[cryptooapp.netlify.app/temp/search-result.html]
[cryptooapp.netlify.app/temp/contact.html]
[cryptooapp.netlify.app/temp/blank.html]
[cryptooapp.netlify.app/temp/fonts/fontawesome-webfont3e6e3e6e3e6e.svg]
[cryptooapp.netlify.app/temp/img/avatar-bg.html]
[cryptooapp.netlify.app/temp/img/up-down.svg]
