[designing-world.com/affan-1.1.0/page-homed41d.html]
[backblue.gif]
[fade.gif]
[index.html]
[designing-world.com/affan-1.1.0/img/core-img/favicon.ico]
[designing-world.com/affan-1.1.0/img/icons/icon-96x96.png]
[designing-world.com/affan-1.1.0/img/icons/icon-152x152.png]
[designing-world.com/affan-1.1.0/img/icons/icon-167x167.png]
[designing-world.com/affan-1.1.0/img/icons/icon-180x180.png]
[designing-world.com/affan-1.1.0/css/bootstrap.min.css]
[designing-world.com/affan-1.1.0/css/animate.css]
[designing-world.com/affan-1.1.0/css/owl.carousel.min.css]
[designing-world.com/affan-1.1.0/css/font-awesome.min.css]
[designing-world.com/affan-1.1.0/css/bootstrap-icons.css]
[designing-world.com/affan-1.1.0/css/magnific-popup.css]
[designing-world.com/affan-1.1.0/css/ion.rangeSlider.min.css]
[designing-world.com/affan-1.1.0/css/dataTables.bootstrap4.min.css]
[designing-world.com/affan-1.1.0/css/apexcharts.css]
[designing-world.com/affan-1.1.0/style.css]
[designing-world.com/affan-1.1.0/manifest.json]
[designing-world.com/affan-1.1.0/page-home.html]
[designing-world.com/affan-1.1.0/img/core-img/logo.png]
[designing-world.com/affan-1.1.0/img/bg-img/2.jpg]
[designing-world.com/affan-1.1.0/elements.html]
[designing-world.com/affan-1.1.0/pages.html]
[designing-world.com/affan-1.1.0/page-shop-grid.html]
[designing-world.com/affan-1.1.0/page-shop-list.html]
[designing-world.com/affan-1.1.0/page-shop-details.html]
[designing-world.com/affan-1.1.0/page-cart.html]
[designing-world.com/affan-1.1.0/page-checkout.html]
[designing-world.com/affan-1.1.0/settings.html]
[designing-world.com/affan-1.1.0/page-login.html]
[designing-world.com/affan-1.1.0/img/bg-img/31.jpg]
[designing-world.com/affan-1.1.0/img/bg-img/32.jpg]
[designing-world.com/affan-1.1.0/img/bg-img/33.jpg]
[designing-world.com/affan-1.1.0/img/bg-img/1.jpg]
[designing-world.com/affan-1.1.0/img/demo-img/bootstrap.png]
[designing-world.com/affan-1.1.0/img/demo-img/pwa.png]
[designing-world.com/affan-1.1.0/img/demo-img/sass.png]
[designing-world.com/affan-1.1.0/img/demo-img/pug.png]
[designing-world.com/affan-1.1.0/img/demo-img/npm.png]
[designing-world.com/affan-1.1.0/img/demo-img/gulp.png]
[designing-world.com/affan-1.1.0/page-chat-users.html]
[designing-world.com/affan-1.1.0/js/bootstrap.bundle.min.js]
[designing-world.com/affan-1.1.0/js/jquery.min.js]
[designing-world.com/affan-1.1.0/js/default/internet-status.js]
[designing-world.com/affan-1.1.0/js/waypoints.min.js]
[designing-world.com/affan-1.1.0/js/jquery.easing.min.js]
[designing-world.com/affan-1.1.0/js/wow.min.js]
[designing-world.com/affan-1.1.0/js/owl.carousel.min.js]
[designing-world.com/affan-1.1.0/js/jquery.counterup.min.js]
[designing-world.com/affan-1.1.0/js/jquery.countdown.min.js]
[designing-world.com/affan-1.1.0/js/imagesloaded.pkgd.min.js]
[designing-world.com/affan-1.1.0/js/isotope.pkgd.min.js]
[designing-world.com/affan-1.1.0/js/jquery.magnific-popup.min.js]
[designing-world.com/affan-1.1.0/js/default/dark-mode-switch.js]
[designing-world.com/affan-1.1.0/js/ion.rangeSlider.min.js]
[designing-world.com/affan-1.1.0/js/jquery.dataTables.min.js]
[designing-world.com/affan-1.1.0/js/default/active.js]
[designing-world.com/affan-1.1.0/js/default/clipboard.js]
[designing-world.com/affan-1.1.0/js/pwa.js]
[designing-world.com/affan-1.1.0/page-homed41d.html]
[designing-world.com/affan-1.1.0/css/bootstrap.min.css]
[designing-world.com/affan-1.1.0/css/animate.css]
[designing-world.com/affan-1.1.0/css/owl.video.play.png]
[designing-world.com/affan-1.1.0/css/owl.carousel.min.css]
[designing-world.com/affan-1.1.0/fonts/fontawesome-webfont3e6e.eot]
[designing-world.com/affan-1.1.0/fonts/fontawesome-webfont3e6e.woff2]
[designing-world.com/affan-1.1.0/fonts/fontawesome-webfont3e6e.woff]
[designing-world.com/affan-1.1.0/fonts/fontawesome-webfontd41d.eot]
[designing-world.com/affan-1.1.0/css/font-awesome.min.css]
[designing-world.com/affan-1.1.0/fonts/fontawesome-webfont3e6e.ttf]
[designing-world.com/affan-1.1.0/fonts/fontawesome-webfont3e6e.svg]
[designing-world.com/affan-1.1.0/css/fonts/bootstrap-iconse36a.woff2]
[designing-world.com/affan-1.1.0/css/fonts/bootstrap-iconse36a.woff]
[designing-world.com/affan-1.1.0/css/bootstrap-icons.css]
[designing-world.com/affan-1.1.0/css/magnific-popup.css]
[designing-world.com/affan-1.1.0/css/ion.rangeSlider.min.css]
[designing-world.com/affan-1.1.0/css/dataTables.bootstrap4.min.css]
[designing-world.com/affan-1.1.0/css/apexcharts.css]
[designing-world.com/affan-1.1.0/style.css]
[designing-world.com/affan-1.1.0/page-home.html]
[designing-world.com/affan-1.1.0/element-header-menu.html]
[designing-world.com/affan-1.1.0/element-footer-menu.html]
[designing-world.com/affan-1.1.0/element-sidebar-left-menu.html]
[designing-world.com/affan-1.1.0/element-sidebar-right-menu.html]
[designing-world.com/affan-1.1.0/element-alerts.html]
[designing-world.com/affan-1.1.0/element-toasts.html]
[designing-world.com/affan-1.1.0/element-online-offline-detection.html]
[designing-world.com/affan-1.1.0/element-form-input.html]
[designing-world.com/affan-1.1.0/element-form-textarea.html]
[designing-world.com/affan-1.1.0/element-form-select.html]
[designing-world.com/affan-1.1.0/element-form-input-group.html]
[designing-world.com/affan-1.1.0/element-form-check.html]
[designing-world.com/affan-1.1.0/element-form-radio.html]
[designing-world.com/affan-1.1.0/element-form-file-upload.html]
[designing-world.com/affan-1.1.0/element-form-range.html]
[designing-world.com/affan-1.1.0/element-form-auto-complete.html]
[designing-world.com/affan-1.1.0/element-form-switches.html]
[designing-world.com/affan-1.1.0/element-form-validation.html]
[designing-world.com/affan-1.1.0/element-accordion.html]
[designing-world.com/affan-1.1.0/element-badge.html]
[designing-world.com/affan-1.1.0/element-button.html]
[designing-world.com/affan-1.1.0/element-breadcrumb.html]
[designing-world.com/affan-1.1.0/element-timeline.html]
[designing-world.com/affan-1.1.0/element-card.html]
[designing-world.com/affan-1.1.0/element-image-gallery.html]
[designing-world.com/affan-1.1.0/element-hero-blocks.html]
[designing-world.com/affan-1.1.0/element-tab.html]
[designing-world.com/affan-1.1.0/element-user-ratings.html]
[designing-world.com/affan-1.1.0/element-testimonial.html]
[designing-world.com/affan-1.1.0/element-call-to-action.html]
[designing-world.com/affan-1.1.0/element-partner-logo.html]
[designing-world.com/affan-1.1.0/element-borders.html]
[designing-world.com/affan-1.1.0/element-colors.html]
[designing-world.com/affan-1.1.0/element-dividers.html]
[designing-world.com/affan-1.1.0/element-embed-video.html]
[designing-world.com/affan-1.1.0/element-images.html]
[designing-world.com/affan-1.1.0/element-list-group.html]
[designing-world.com/affan-1.1.0/element-modal.html]
[designing-world.com/affan-1.1.0/element-pagination.html]
[designing-world.com/affan-1.1.0/element-progress-bar.html]
[designing-world.com/affan-1.1.0/element-scrollspy.html]
[designing-world.com/affan-1.1.0/element-spinners.html]
[designing-world.com/affan-1.1.0/element-stretched-link.html]
[designing-world.com/affan-1.1.0/element-shadows.html]
[designing-world.com/affan-1.1.0/element-sizing.html]
[designing-world.com/affan-1.1.0/element-tooltips.html]
[designing-world.com/affan-1.1.0/element-text-truncation.html]
[designing-world.com/affan-1.1.0/element-typography.html]
[designing-world.com/affan-1.1.0/element-text.html]
[designing-world.com/affan-1.1.0/element-bootstrap-carousel.html]
[designing-world.com/affan-1.1.0/element-owl-carousel.html]
[designing-world.com/affan-1.1.0/element-basic-table.html]
[designing-world.com/affan-1.1.0/element-data-table.html]
[designing-world.com/affan-1.1.0/element-price-table.html]
[designing-world.com/affan-1.1.0/element-countdown.html]
[designing-world.com/affan-1.1.0/element-counterup.html]
[designing-world.com/affan-1.1.0/element-area-charts.html]
[designing-world.com/affan-1.1.0/element-column-charts.html]
[designing-world.com/affan-1.1.0/element-line-charts.html]
[designing-world.com/affan-1.1.0/elements.html]
[designing-world.com/affan-1.1.0/element-pie-charts.html]
[designing-world.com/affan-1.1.0/page-register.html]
[designing-world.com/affan-1.1.0/page-otp.html]
[designing-world.com/affan-1.1.0/page-otp-confirm.html]
[designing-world.com/affan-1.1.0/page-forget-password.html]
[designing-world.com/affan-1.1.0/page-forget-password-success.html]
[designing-world.com/affan-1.1.0/page-change-password.html]
[designing-world.com/affan-1.1.0/page-forget-password-failed.html]
[designing-world.com/affan-1.1.0/page-chat.html]
[designing-world.com/affan-1.1.0/page-video-call.html]
[designing-world.com/affan-1.1.0/page-payment-confirm.html]
[designing-world.com/affan-1.1.0/page-about-us.html]
[designing-world.com/affan-1.1.0/page-team.html]
[designing-world.com/affan-1.1.0/page-our-service.html]
[designing-world.com/affan-1.1.0/page-privacy-policy.html]
[designing-world.com/affan-1.1.0/page-invoice.html]
[designing-world.com/affan-1.1.0/page-contact.html]
[designing-world.com/affan-1.1.0/page-faq.html]
[designing-world.com/affan-1.1.0/page-language.html]
[designing-world.com/affan-1.1.0/page-notifications.html]
[designing-world.com/affan-1.1.0/page-notification-details.html]
[designing-world.com/affan-1.1.0/page-search-result.html]
[designing-world.com/affan-1.1.0/page-fallback.html]
[designing-world.com/affan-1.1.0/page-coming-soon.html]
[designing-world.com/affan-1.1.0/page-user-profile.html]
[designing-world.com/affan-1.1.0/page-404.html]
[designing-world.com/affan-1.1.0/page-blog-grid.html]
[designing-world.com/affan-1.1.0/page-blog-list.html]
[designing-world.com/affan-1.1.0/pages.html]
[designing-world.com/affan-1.1.0/page-blog-details.html]
[designing-world.com/affan-1.1.0/img/bg-img/p1.jpg]
[designing-world.com/affan-1.1.0/img/bg-img/p2.jpg]
[designing-world.com/affan-1.1.0/img/bg-img/p3.jpg]
[designing-world.com/affan-1.1.0/img/bg-img/p4.jpg]
[designing-world.com/affan-1.1.0/img/bg-img/p5.jpg]
[designing-world.com/affan-1.1.0/img/bg-img/p6.jpg]
[designing-world.com/affan-1.1.0/page-shop-grid.html]
[designing-world.com/affan-1.1.0/page-shop-list.html]
[designing-world.com/affan-1.1.0/page-shop-details.html]
[designing-world.com/affan-1.1.0/page-cart.html]
[designing-world.com/affan-1.1.0/page-checkout.html]
[designing-world.com/affan-1.1.0/img/bg-img/20.jpg]
[designing-world.com/affan-1.1.0/settings.html]
[designing-world.com/affan-1.1.0/img/bg-img/36.png]
[designing-world.com/affan-1.1.0/page-login.html]
[designing-world.com/affan-1.1.0/img/bg-img/user1.png]
[designing-world.com/affan-1.1.0/img/bg-img/user2.png]
[designing-world.com/affan-1.1.0/img/bg-img/user3.png]
[designing-world.com/affan-1.1.0/img/bg-img/user4.png]
[designing-world.com/affan-1.1.0/img/bg-img/user5.png]
[designing-world.com/affan-1.1.0/page-chat-users.html]
[designing-world.com/affan-1.1.0/css/owl.video.play.html]
[designing-world.com/affan-1.1.0/fonts/fontawesome-webfont3e6e.svg]
[designing-world.com/affan-1.1.0/img/core-img/logo-dark.png]
[designing-world.com/affan-1.1.0/element-header-menu.html]
[designing-world.com/affan-1.1.0/element-footer-menu.html]
[designing-world.com/affan-1.1.0/img/bg-img/left-sidebar.png]
[designing-world.com/affan-1.1.0/element-sidebar-left-menu.html]
[designing-world.com/affan-1.1.0/img/bg-img/right-sidebar.png]
[designing-world.com/affan-1.1.0/element-sidebar-right-menu.html]
[designing-world.com/affan-1.1.0/element-alerts.html]
[designing-world.com/affan-1.1.0/element-toasts.html]
[designing-world.com/affan-1.1.0/element-online-offline-detection.html]
[designing-world.com/affan-1.1.0/element-form-input.html]
[designing-world.com/affan-1.1.0/element-form-textarea.html]
[designing-world.com/affan-1.1.0/element-form-select.html]
[designing-world.com/affan-1.1.0/element-form-input-group.html]
[designing-world.com/affan-1.1.0/element-form-check.html]
[designing-world.com/affan-1.1.0/element-form-radio.html]
[designing-world.com/affan-1.1.0/img/bg-img/29.png]
[designing-world.com/affan-1.1.0/element-form-file-upload.html]
[designing-world.com/affan-1.1.0/element-form-range.html]
[designing-world.com/affan-1.1.0/element-form-auto-complete.html]
[designing-world.com/affan-1.1.0/element-form-switches.html]
[designing-world.com/affan-1.1.0/element-form-validation.html]
[designing-world.com/affan-1.1.0/js/default/form-autocomplete.js]
[designing-world.com/affan-1.1.0/element-accordion.html]
[designing-world.com/affan-1.1.0/element-badge.html]
[designing-world.com/affan-1.1.0/element-button.html]
[designing-world.com/affan-1.1.0/img/bg-img/30.jpg]
[designing-world.com/affan-1.1.0/element-breadcrumb.html]
[designing-world.com/affan-1.1.0/element-timeline.html]
[designing-world.com/affan-1.1.0/img/bg-img/19.png]
[designing-world.com/affan-1.1.0/img/bg-img/3.jpg]
[designing-world.com/affan-1.1.0/element-card.html]
[designing-world.com/affan-1.1.0/img/bg-img/4.jpg]
[designing-world.com/affan-1.1.0/img/bg-img/5.jpg]
[designing-world.com/affan-1.1.0/img/bg-img/6.jpg]
[designing-world.com/affan-1.1.0/img/bg-img/7.jpg]
[designing-world.com/affan-1.1.0/img/bg-img/8.jpg]
[designing-world.com/affan-1.1.0/img/bg-img/9.jpg]
[designing-world.com/affan-1.1.0/img/bg-img/10.jpg]
[designing-world.com/affan-1.1.0/img/bg-img/11.jpg]
[designing-world.com/affan-1.1.0/img/bg-img/12.jpg]
[designing-world.com/affan-1.1.0/img/bg-img/13.jpg]
[designing-world.com/affan-1.1.0/img/bg-img/14.jpg]
[designing-world.com/affan-1.1.0/img/bg-img/15.jpg]
[designing-world.com/affan-1.1.0/img/bg-img/16.jpg]
[designing-world.com/affan-1.1.0/img/bg-img/17.jpg]
[designing-world.com/affan-1.1.0/img/bg-img/18.jpg]
[designing-world.com/affan-1.1.0/element-image-gallery.html]
[designing-world.com/affan-1.1.0/img/core-img/dot.png]
[designing-world.com/affan-1.1.0/element-hero-blocks.html]
[designing-world.com/affan-1.1.0/element-tab.html]
[designing-world.com/affan-1.1.0/element-user-ratings.html]
[designing-world.com/affan-1.1.0/img/bg-img/21.jpg]
[designing-world.com/affan-1.1.0/element-testimonial.html]
[designing-world.com/affan-1.1.0/img/bg-img/22.jpg]
[designing-world.com/affan-1.1.0/element-call-to-action.html]
[designing-world.com/affan-1.1.0/img/partner-img/1.png]
[designing-world.com/affan-1.1.0/img/partner-img/2.png]
[designing-world.com/affan-1.1.0/img/partner-img/3.png]
[designing-world.com/affan-1.1.0/img/partner-img/4.png]
[designing-world.com/affan-1.1.0/img/partner-img/6.png]
[designing-world.com/affan-1.1.0/img/partner-img/5.png]
[designing-world.com/affan-1.1.0/element-partner-logo.html]
[designing-world.com/affan-1.1.0/element-borders.html]
[designing-world.com/affan-1.1.0/element-colors.html]
[designing-world.com/affan-1.1.0/element-dividers.html]
[designing-world.com/affan-1.1.0/element-embed-video.html]
[designing-world.com/affan-1.1.0/element-images.html]
[designing-world.com/affan-1.1.0/element-list-group.html]
[designing-world.com/affan-1.1.0/element-modal.html]
[designing-world.com/affan-1.1.0/element-pagination.html]
[designing-world.com/affan-1.1.0/element-progress-bar.html]
[designing-world.com/affan-1.1.0/element-scrollspy.html]
[designing-world.com/affan-1.1.0/element-spinners.html]
[designing-world.com/affan-1.1.0/element-stretched-link.html]
[designing-world.com/affan-1.1.0/element-shadows.html]
[designing-world.com/affan-1.1.0/element-sizing.html]
[designing-world.com/affan-1.1.0/element-tooltips.html]
[designing-world.com/affan-1.1.0/element-text-truncation.html]
[designing-world.com/affan-1.1.0/element-typography.html]
[designing-world.com/affan-1.1.0/element-text.html]
[designing-world.com/affan-1.1.0/img/bg-img/23.jpg]
[designing-world.com/affan-1.1.0/img/bg-img/24.jpg]
[designing-world.com/affan-1.1.0/img/bg-img/25.jpg]
[designing-world.com/affan-1.1.0/img/bg-img/26.jpg]
[designing-world.com/affan-1.1.0/img/bg-img/27.jpg]
[designing-world.com/affan-1.1.0/img/bg-img/28.jpg]
[designing-world.com/affan-1.1.0/element-bootstrap-carousel.html]
[designing-world.com/affan-1.1.0/img/bg-img/35.jpg]
[designing-world.com/affan-1.1.0/element-owl-carousel.html]
[designing-world.com/affan-1.1.0/element-basic-table.html]
[designing-world.com/affan-1.1.0/element-data-table.html]
[designing-world.com/affan-1.1.0/element-price-table.html]
[designing-world.com/affan-1.1.0/element-countdown.html]
[designing-world.com/affan-1.1.0/element-counterup.html]
[designing-world.com/affan-1.1.0/element-area-charts.html]
[designing-world.com/affan-1.1.0/element-column-charts.html]
[designing-world.com/affan-1.1.0/element-line-charts.html]
[designing-world.com/affan-1.1.0/js/default/chart-active.js]
[designing-world.com/affan-1.1.0/element-pie-charts.html]
[designing-world.com/affan-1.1.0/page-register.html]
[designing-world.com/affan-1.1.0/page-otp.html]
[designing-world.com/affan-1.1.0/js/default/jquery.passwordstrength.js]
[designing-world.com/affan-1.1.0/img/bg-img/38.png]
[designing-world.com/affan-1.1.0/js/apexcharts.min.js]
[designing-world.com/affan-1.1.0/js/default/otp-timer.js]
[designing-world.com/affan-1.1.0/page-otp-confirm.html]
[designing-world.com/affan-1.1.0/img/bg-img/37.png]
[designing-world.com/affan-1.1.0/page-forget-password.html]
[designing-world.com/affan-1.1.0/page-forget-password-success.html]
[designing-world.com/affan-1.1.0/page-change-password.html]
[designing-world.com/affan-1.1.0/page-forget-password-failed.html]
[designing-world.com/affan-1.1.0/page-chat.html]
[designing-world.com/affan-1.1.0/img/bg-img/36.jpg]
[designing-world.com/affan-1.1.0/page-video-call.html]
[designing-world.com/affan-1.1.0/page-payment-confirm.html]
[designing-world.com/affan-1.1.0/page-about-us.html]
[designing-world.com/affan-1.1.0/page-team.html]
[designing-world.com/affan-1.1.0/img/demo-img/jquery.png]
[designing-world.com/affan-1.1.0/img/demo-img/dark.png]
[designing-world.com/affan-1.1.0/page-our-service.html]
[designing-world.com/affan-1.1.0/page-privacy-policy.html]
[designing-world.com/affan-1.1.0/page-invoice.html]
[designing-world.com/affan-1.1.0/page-contact.html]
[designing-world.com/affan-1.1.0/page-faq.html]
[designing-world.com/affan-1.1.0/page-language.html]
[designing-world.com/affan-1.1.0/page-notifications.html]
[designing-world.com/affan-1.1.0/page-notification-details.html]
[designing-world.com/affan-1.1.0/page-search-result.html]
[designing-world.com/affan-1.1.0/page-fallback.html]
[designing-world.com/affan-1.1.0/page-coming-soon.html]
[designing-world.com/affan-1.1.0/page-user-profile.html]
[designing-world.com/affan-1.1.0/img/bg-img/39.png]
[designing-world.com/affan-1.1.0/page-404.html]
[designing-world.com/affan-1.1.0/page-blog-grid.html]
[designing-world.com/affan-1.1.0/page-blog-list.html]
[designing-world.com/affan-1.1.0/page-blog-details.html]
[designing-world.com/affan-1.1.0/img/bg-img/user5.html]
